----------------------Thread-6 ran ifconfig @ 10.108.4.22-----------------------
eth0: flags=4163<UP,BROADCAST,RUNNING,MULTICAST>  mtu 1500
        inet 10.108.4.22  netmask 255.255.252.0  broadcast 10.108.7.255
        inet6 fe80::1c00:5eff:fe00:1d4d  prefixlen 64  scopeid 0x20<link>
        ether 1e:00:5e:00:1d:4d  txqueuelen 1000  (Ethernet)
        RX packets 195964  bytes 60858663 (60.8 MB)
        RX errors 0  dropped 0  overruns 0  frame 0
        TX packets 9529  bytes 1131536 (1.1 MB)
        TX errors 0  dropped 0 overruns 0  carrier 0  collisions 0

lo: flags=73<UP,LOOPBACK,RUNNING>  mtu 65536
        inet 127.0.0.1  netmask 255.0.0.0
        inet6 ::1  prefixlen 128  scopeid 0x10<host>
        loop  txqueuelen 1000  (Local Loopback)
        RX packets 1238  bytes 133710 (133.7 KB)
        RX errors 0  dropped 0  overruns 0  frame 0
        TX packets 1238  bytes 133710 (133.7 KB)
        TX errors 0  dropped 0 overruns 0  carrier 0  collisions 0


-----------------------Thread-1 ran free -m @ 10.108.4.22-----------------------
              total        used        free      shared  buff/cache   available
Mem:           1983         368         597           3        1017        1428
Swap:          2171           0        2171

----------------------Thread-2 ran uname -a @ 10.108.4.22-----------------------
Linux ubuntu1804S 4.15.0-50-generic #54-Ubuntu SMP Mon May 6 18:46:08 UTC 2019 x86_64 x86_64 x86_64 GNU/Linux

----------------------Thread-4 ran cal 2020 @ 10.108.4.22-----------------------
                            2020
      January               February               March          
Su Mo Tu We Th Fr Sa  Su Mo Tu We Th Fr Sa  Su Mo Tu We Th Fr Sa  
          1  2  3  4                     1   1  2  3  4  5  6  7  
 5  6  7  8  9 10 11   2  3  4  5  6  7  8   8  9 10 11 12 13 14  
12 13 14 15 16 17 18   9 10 11 12 13 14 15  15 16 17 18 19 20 21  
19 20 21 22 23 24 25  16 17 18 19 20 21 22  22 23 24 25 26 27 28  
26 27 28 29 30 31     23 24 25 26 27 28 29  29 30 31              
                                                                  

       April                  May                   June          
Su Mo Tu We Th Fr Sa  Su Mo Tu We Th Fr Sa  Su Mo Tu We Th Fr Sa  
          1  2  3  4                  1  2      1  2  3  4  5  6  
 5  6  7  8  9 10 11   3  4  5  6  7  8  9   7  8  9 10 11 12 13  
12 13 14 15 16 17 18  10 11 12 13 14 15 16  14 15 16 17 18 19 20  
19 20 21 22 23 24 25  17 18 19 20 21 22 23  21 22 23 24 25 26 27  
26 27 28 29 30        24 25 26 27 28 29 30  28 29 30              
                      31                                          

        July                 August              September        
Su Mo Tu We Th Fr Sa  Su Mo Tu We Th Fr Sa  Su Mo Tu We Th Fr Sa  
          1  2  3  4                     1         1  2  3  4  5  
 5  6  7  8  9 10 11   2  3  4  5  6  7  8   6  7  8  9 10 11 12  
12 13 14 15 16 17 18   9 10 11 12 13 14 15  13 14 15 16 17 18 19  
19 20 21 22 23 24 25  16 17 18 19 20 21 22  20 21 22 23 24 25 26  
26 27 28 29 30 31     23 24 25 26 27 28 29  27 28 29 30           
                      30 31                                       

      October               November              December        
Su Mo Tu We Th Fr Sa  Su Mo Tu We Th Fr Sa  Su Mo Tu We Th Fr Sa  
             1  2  3   1  2  3  4  5  6  7         1  2  3  4  5  
 4  5  6  7  8  9 10   8  9 10 11 12 13 14   6  7  8  9 10 11 12  
11 12 13 14 15 16 17  15 16 17 18 19 20 21  13 14 15 16 17 18 19  
18 19 20 21 22 23 24  22 23 24 25 26 27 28  20 21 22 23 24 25 26  
25 26 27 28 29 30 31  29 30                 27 28 29 30 31        
                                                                  

--------------------------Thread-5 ran w @ 10.108.4.22--------------------------
 04:28:28 up  4:04,  0 users,  load average: 0.00, 0.00, 0.00
USER     TTY      FROM             LOGIN@   IDLE   JCPU   PCPU WHAT

------------------------Thread-3 ran df -h @ 10.108.4.22------------------------
Filesystem                        Size  Used Avail Use% Mounted on
udev                              960M     0  960M   0% /dev
tmpfs                             199M  1.3M  198M   1% /run
/dev/mapper/ubuntu1604S--vg-root   47G  6.3G   38G  15% /
tmpfs                             992M  116K  992M   1% /dev/shm
tmpfs                             5.0M     0  5.0M   0% /run/lock
tmpfs                             992M     0  992M   0% /sys/fs/cgroup
/dev/xvda1                        472M  237M  211M  53% /boot
tmpfs                             199M   16K  199M   1% /run/user/124
tmpfs                             199M     0  199M   0% /run/user/0

------------------------Thread-7 ran dmesg @ 10.108.4.22------------------------
[    0.000000] Linux version 4.15.0-50-generic (buildd@lcy01-amd64-013) (gcc version 7.3.0 (Ubuntu 7.3.0-16ubuntu3)) #54-Ubuntu SMP Mon May 6 18:46:08 UTC 2019 (Ubuntu 4.15.0-50.54-generic 4.15.18)
[    0.000000] Command line: BOOT_IMAGE=/vmlinuz-4.15.0-50-generic root=/dev/mapper/ubuntu1604S--vg-root ro
[    0.000000] KERNEL supported cpus:
[    0.000000]   Intel GenuineIntel
[    0.000000]   AMD AuthenticAMD
[    0.000000]   Centaur CentaurHauls
[    0.000000] x86/fpu: Supporting XSAVE feature 0x001: 'x87 floating point registers'
[    0.000000] x86/fpu: Supporting XSAVE feature 0x002: 'SSE registers'
[    0.000000] x86/fpu: Supporting XSAVE feature 0x004: 'AVX registers'
[    0.000000] x86/fpu: xstate_offset[2]:  576, xstate_sizes[2]:  256
[    0.000000] x86/fpu: Enabled xstate features 0x7, context size is 832 bytes, using 'standard' format.
[    0.000000] e820: BIOS-provided physical RAM map:
[    0.000000] BIOS-e820: [mem 0x0000000000000000-0x000000000009dfff] usable
[    0.000000] BIOS-e820: [mem 0x000000000009e000-0x000000000009ffff] reserved
[    0.000000] BIOS-e820: [mem 0x00000000000e0000-0x00000000000fffff] reserved
[    0.000000] BIOS-e820: [mem 0x0000000000100000-0x000000007f7fffff] usable
[    0.000000] BIOS-e820: [mem 0x00000000fc000000-0x00000000ffffffff] reserved
[    0.000000] NX (Execute Disable) protection: active
[    0.000000] SMBIOS 2.4 present.
[    0.000000] DMI: Xen HVM domU, BIOS 4.6.1-0.1 05/09/2019
[    0.000000] Hypervisor detected: Xen HVM
[    0.000000] Xen version 4.6.
[    0.000000] Xen Platform PCI: I/O protocol version 1
[    0.000000] Netfront and the Xen platform PCI driver have been compiled for this kernel: unplug emulated NICs.
[    0.000000] Blkfront and the Xen platform PCI driver have been compiled for this kernel: unplug emulated disks.
               You might have to change the root device
               from /dev/hd[a-d] to /dev/xvd[a-d]
               in your root= kernel command line option
[    0.000000] HVMOP_pagetable_dying not supported
[    0.000000] e820: update [mem 0x00000000-0x00000fff] usable ==> reserved
[    0.000000] e820: remove [mem 0x000a0000-0x000fffff] usable
[    0.000000] e820: last_pfn = 0x7f800 max_arch_pfn = 0x400000000
[    0.000000] MTRR default type: write-back
[    0.000000] MTRR fixed ranges enabled:
[    0.000000]   00000-9FFFF write-back
[    0.000000]   A0000-BFFFF write-combining
[    0.000000]   C0000-FFFFF write-back
[    0.000000] MTRR variable ranges enabled:
[    0.000000]   0 base 0000F0000000 mask 3FFFF0000000 uncachable
[    0.000000]   1 disabled
[    0.000000]   2 disabled
[    0.000000]   3 disabled
[    0.000000]   4 disabled
[    0.000000]   5 disabled
[    0.000000]   6 disabled
[    0.000000]   7 disabled
[    0.000000] x86/PAT: Configuration [0-7]: WB  WC  UC- UC  WB  WP  UC- WT  
[    0.000000] found SMP MP-table at [mem 0x000fb630-0x000fb63f] mapped at [        (ptrval)]
[    0.000000] Scanning 1 areas for low memory corruption
[    0.000000] Base memory trampoline at [        (ptrval)] 98000 size 24576
[    0.000000] Using GB pages for direct mapping
[    0.000000] BRK [0x73b41000, 0x73b41fff] PGTABLE
[    0.000000] BRK [0x73b42000, 0x73b42fff] PGTABLE
[    0.000000] BRK [0x73b43000, 0x73b43fff] PGTABLE
[    0.000000] BRK [0x73b44000, 0x73b44fff] PGTABLE
[    0.000000] BRK [0x73b45000, 0x73b45fff] PGTABLE
[    0.000000] RAMDISK: [mem 0x30acb000-0x3455cfff]
[    0.000000] ACPI: Early table checksum verification disabled
[    0.000000] ACPI: RSDP 0x00000000000EA020 000024 (v02 Xen   )
[    0.000000] ACPI: XSDT 0x00000000FC00CF40 000044 (v01 Xen    HVM      00000000 HVML 00000000)
[    0.000000] ACPI: FACP 0x00000000FC00CC80 0000F4 (v04 Xen    HVM      00000000 HVML 00000000)
[    0.000000] ACPI: DSDT 0x00000000FC0042A0 008956 (v02 Xen    HVM      00000000 INTL 20150619)
[    0.000000] ACPI: FACS 0x00000000FC004260 000040
[    0.000000] ACPI: FACS 0x00000000FC004260 000040
[    0.000000] ACPI: APIC 0x00000000FC00CD80 0000D8 (v02 Xen    HVM      00000000 HVML 00000000)
[    0.000000] ACPI: HPET 0x00000000FC00CED0 000038 (v01 Xen    HVM      00000000 HVML 00000000)
[    0.000000] ACPI: WAET 0x00000000FC00CF10 000028 (v01 Xen    HVM      00000000 HVML 00000000)
[    0.000000] ACPI: Local APIC address 0xfee00000
[    0.000000] No NUMA configuration found
[    0.000000] Faking a node at [mem 0x0000000000000000-0x000000007f7fffff]
[    0.000000] NODE_DATA(0) allocated [mem 0x7f7d5000-0x7f7fffff]
[    0.000000] tsc: Fast TSC calibration using PIT
[    0.000000] Zone ranges:
[    0.000000]   DMA      [mem 0x0000000000001000-0x0000000000ffffff]
[    0.000000]   DMA32    [mem 0x0000000001000000-0x000000007f7fffff]
[    0.000000]   Normal   empty
[    0.000000]   Device   empty
[    0.000000] Movable zone start for each node
[    0.000000] Early memory node ranges
[    0.000000]   node   0: [mem 0x0000000000001000-0x000000000009dfff]
[    0.000000]   node   0: [mem 0x0000000000100000-0x000000007f7fffff]
[    0.000000] Reserved but unavailable: 2147 pages
[    0.000000] Initmem setup node 0 [mem 0x0000000000001000-0x000000007f7fffff]
[    0.000000] On node 0 totalpages: 522141
[    0.000000]   DMA zone: 64 pages used for memmap
[    0.000000]   DMA zone: 21 pages reserved
[    0.000000]   DMA zone: 3997 pages, LIFO batch:0
[    0.000000]   DMA32 zone: 8096 pages used for memmap
[    0.000000]   DMA32 zone: 518144 pages, LIFO batch:31
[    0.000000] ACPI: PM-Timer IO Port: 0xb008
[    0.000000] ACPI: Local APIC address 0xfee00000
[    0.000000] IOAPIC[0]: apic_id 1, version 17, address 0xfec00000, GSI 0-47
[    0.000000] ACPI: INT_SRC_OVR (bus 0 bus_irq 0 global_irq 2 dfl dfl)
[    0.000000] ACPI: INT_SRC_OVR (bus 0 bus_irq 5 global_irq 5 low level)
[    0.000000] ACPI: INT_SRC_OVR (bus 0 bus_irq 10 global_irq 10 low level)
[    0.000000] ACPI: INT_SRC_OVR (bus 0 bus_irq 11 global_irq 11 low level)
[    0.000000] ACPI: IRQ0 used by override.
[    0.000000] ACPI: IRQ5 used by override.
[    0.000000] ACPI: IRQ9 used by override.
[    0.000000] ACPI: IRQ10 used by override.
[    0.000000] ACPI: IRQ11 used by override.
[    0.000000] Using ACPI (MADT) for SMP configuration information
[    0.000000] ACPI: HPET id: 0x8086a201 base: 0xfed00000
[    0.000000] smpboot: Allowing 15 CPUs, 13 hotplug CPUs
[    0.000000] PM: Registered nosave memory: [mem 0x00000000-0x00000fff]
[    0.000000] PM: Registered nosave memory: [mem 0x0009e000-0x0009ffff]
[    0.000000] PM: Registered nosave memory: [mem 0x000a0000-0x000dffff]
[    0.000000] PM: Registered nosave memory: [mem 0x000e0000-0x000fffff]
[    0.000000] e820: [mem 0x7f800000-0xfbffffff] available for PCI devices
[    0.000000] Booting paravirtualized kernel on Xen HVM
[    0.000000] clocksource: refined-jiffies: mask: 0xffffffff max_cycles: 0xffffffff, max_idle_ns: 7645519600211568 ns
[    0.000000] random: get_random_bytes called from start_kernel+0x99/0x4fd with crng_init=0
[    0.000000] setup_percpu: NR_CPUS:8192 nr_cpumask_bits:15 nr_cpu_ids:15 nr_node_ids:1
[    0.000000] percpu: Embedded 46 pages/cpu @        (ptrval) s151552 r8192 d28672 u262144
[    0.000000] pcpu-alloc: s151552 r8192 d28672 u262144 alloc=1*2097152
[    0.000000] pcpu-alloc: [0] 00 01 02 03 04 05 06 07 [0] 08 09 10 11 12 13 14 -- 
[    0.000000] xen: PV spinlocks enabled
[    0.000000] PV qspinlock hash table entries: 256 (order: 0, 4096 bytes)
[    0.000000] Built 1 zonelists, mobility grouping on.  Total pages: 513960
[    0.000000] Policy zone: DMA32
[    0.000000] Kernel command line: BOOT_IMAGE=/vmlinuz-4.15.0-50-generic root=/dev/mapper/ubuntu1604S--vg-root ro
[    0.000000] Calgary: detecting Calgary via BIOS EBDA area
[    0.000000] Calgary: Unable to locate Rio Grande table in EBDA - bailing!
[    0.000000] Memory: 1964784K/2088564K available (12300K kernel code, 2474K rwdata, 4276K rodata, 2412K init, 2416K bss, 123780K reserved, 0K cma-reserved)
[    0.000000] SLUB: HWalign=64, Order=0-3, MinObjects=0, CPUs=15, Nodes=1
[    0.000000] Kernel/User page tables isolation: enabled
[    0.000000] ftrace: allocating 39233 entries in 154 pages
[    0.004000] Hierarchical RCU implementation.
[    0.004000] 	RCU restricting CPUs from NR_CPUS=8192 to nr_cpu_ids=15.
[    0.004000] 	Tasks RCU enabled.
[    0.004000] RCU: Adjusting geometry for rcu_fanout_leaf=16, nr_cpu_ids=15
[    0.004000] NR_IRQS: 524544, nr_irqs: 952, preallocated irqs: 16
[    0.004000] xen:events: Using FIFO-based ABI
[    0.004000] xen:events: Xen HVM callback vector for event delivery is enabled
[    0.004000] Console: colour dummy device 80x25
[    0.004000] console [tty0] enabled
[    0.004000] ACPI: Core revision 20170831
[    0.004000] ACPI: 1 ACPI AML tables successfully acquired and loaded
[    0.004000] clocksource: hpet: mask: 0xffffffff max_cycles: 0xffffffff, max_idle_ns: 30580167144 ns
[    0.004000] hpet clockevent registered
[    0.004020] APIC: Switch to symmetric I/O mode setup
[    0.005002] x2apic: IRQ remapping doesn't support X2APIC mode
[    0.005842] Switched APIC routing to physical flat.
[    0.008000] ..TIMER: vector=0x30 apic1=0 pin1=2 apic2=0 pin2=0
[    0.048010] tsc: PIT calibration matches HPET. 2 loops
[    0.048018] tsc: Detected 2294.671 MHz processor
[    0.048021] tsc: Detected 2294.732 MHz TSC
[    0.048024] Calibrating delay loop (skipped), value calculated using timer frequency.. 4589.46 BogoMIPS (lpj=9178928)
[    0.048024] pid_max: default: 32768 minimum: 301
[    0.048090] Security Framework initialized
[    0.048093] Yama: becoming mindful.
[    0.048133] AppArmor: AppArmor initialized
[    0.048613] Dentry cache hash table entries: 262144 (order: 9, 2097152 bytes)
[    0.048841] Inode-cache hash table entries: 131072 (order: 8, 1048576 bytes)
[    0.048872] Mount-cache hash table entries: 4096 (order: 3, 32768 bytes)
[    0.048882] Mountpoint-cache hash table entries: 4096 (order: 3, 32768 bytes)
[    0.049384] mce: CPU supports 2 MCE banks
[    0.049437] Last level iTLB entries: 4KB 1024, 2MB 1024, 4MB 1024
[    0.049440] Last level dTLB entries: 4KB 1024, 2MB 1024, 4MB 1024, 1GB 4
[    0.049443] Spectre V2 : Mitigation: Full generic retpoline
[    0.049445] Spectre V2 : Spectre v2 / SpectreRSB mitigation: Filling RSB on context switch
[    0.049448] Spectre V2 : Enabling Restricted Speculation for firmware calls
[    0.049457] Spectre V2 : mitigation: Enabling conditional Indirect Branch Prediction Barrier
[    0.049460] Speculative Store Bypass: Mitigation: Speculative Store Bypass disabled via prctl and seccomp
[    0.049494] MDS: Mitigation: Clear CPU buffers
[    0.049682] Freeing SMP alternatives memory: 36K
[    0.052294] clocksource: xen: mask: 0xffffffffffffffff max_cycles: 0x1cd42e4dffb, max_idle_ns: 881590591483 ns
[    0.052339] Xen: using vcpuop timer interface
[    0.052353] installing Xen timer for CPU 0
[    0.052541] smpboot: CPU0: Intel(R) Xeon(R) CPU E5-2650 v3 @ 2.30GHz (family: 0x6, model: 0x3f, stepping: 0x2)
[    0.052607] cpu 0 spinlock event irq 53
[    0.052785] Performance Events: unsupported p6 CPU model 63 no PMU driver, software events only.
[    0.052835] Hierarchical SRCU implementation.
[    0.053748] NMI watchdog: Perf event create on CPU 0 failed with -2
[    0.053751] NMI watchdog: Perf NMI watchdog permanently disabled
[    0.053996] smp: Bringing up secondary CPUs ...
[    0.054184] installing Xen timer for CPU 1
[    0.054280] x86: Booting SMP configuration:
[    0.054283] .... node  #0, CPUs:        #1
[    0.004000] smpboot: CPU 1 Converting physical 2 to logical package 1
[    0.136090] cpu 1 spinlock event irq 59
[    0.136108] smp: Brought up 1 node, 2 CPUs
[    0.136108] smpboot: Max logical packages: 15
[    0.136108] smpboot: Total of 2 processors activated (9199.54 BogoMIPS)
[    0.136649] devtmpfs: initialized
[    0.136649] x86/mm: Memory block size: 128MB
[    0.136699] evm: security.selinux
[    0.136703] evm: security.SMACK64
[    0.136706] evm: security.SMACK64EXEC
[    0.136709] evm: security.SMACK64TRANSMUTE
[    0.136711] evm: security.SMACK64MMAP
[    0.136714] evm: security.apparmor
[    0.136716] evm: security.ima
[    0.136719] evm: security.capability
[    0.136786] clocksource: jiffies: mask: 0xffffffff max_cycles: 0xffffffff, max_idle_ns: 7645041785100000 ns
[    0.136786] futex hash table entries: 4096 (order: 6, 262144 bytes)
[    0.136786] pinctrl core: initialized pinctrl subsystem
[    0.136786] RTC time:  4:23:33, date: 10/18/19
[    0.136786] NET: Registered protocol family 16
[    0.136938] audit: initializing netlink subsys (disabled)
[    0.136996] audit: type=2000 audit(1571372613.305:1): state=initialized audit_enabled=0 res=1
[    0.136996] cpuidle: using governor ladder
[    0.136996] cpuidle: using governor menu
[    0.140049] ACPI: bus type PCI registered
[    0.140053] acpiphp: ACPI Hot Plug PCI Controller Driver version: 0.5
[    0.141896] PCI: Using configuration type 1 for base access
[    0.141934] HugeTLB registered 1.00 GiB page size, pre-allocated 0 pages
[    0.141934] HugeTLB registered 2.00 MiB page size, pre-allocated 0 pages
[    0.144130] ACPI: Added _OSI(Module Device)
[    0.144135] ACPI: Added _OSI(Processor Device)
[    0.144137] ACPI: Added _OSI(3.0 _SCP Extensions)
[    0.144140] ACPI: Added _OSI(Processor Aggregator Device)
[    0.144142] ACPI: Added _OSI(Linux-Dell-Video)
[    0.144145] ACPI: Added _OSI(Linux-Lenovo-NV-HDMI-Audio)
[    0.144147] ACPI: Added _OSI(Linux-HPI-Hybrid-Graphics)
[    0.144632] xen: --> pirq=16 -> irq=9 (gsi=9)
[    0.152470] ACPI: Interpreter enabled
[    0.152490] ACPI: (supports S0 S5)
[    0.152494] ACPI: Using IOAPIC for interrupt routing
[    0.152544] PCI: Using host bridge windows from ACPI; if necessary, use "pci=nocrs" and report a bug
[    0.153536] ACPI: Enabled 2 GPEs in block 00 to 0F
[    0.239653] ACPI: PCI Root Bridge [PCI0] (domain 0000 [bus 00-ff])
[    0.239668] acpi PNP0A03:00: _OSC: OS supports [ASPM ClockPM Segments MSI]
[    0.239677] acpi PNP0A03:00: _OSC failed (AE_NOT_FOUND); disabling ASPM
[    0.239693] acpi PNP0A03:00: fail to add MMCONFIG information, can't access extended PCI configuration space under this bridge.
[    0.241787] acpiphp: Slot [0] registered
[    0.245542] acpiphp: Slot [3] registered
[    0.247289] acpiphp: Slot [4] registered
[    0.249022] acpiphp: Slot [5] registered
[    0.249998] acpiphp: Slot [6] registered
[    0.251289] acpiphp: Slot [7] registered
[    0.252352] acpiphp: Slot [8] registered
[    0.253464] acpiphp: Slot [9] registered
[    0.254789] acpiphp: Slot [10] registered
[    0.256019] acpiphp: Slot [11] registered
[    0.257371] acpiphp: Slot [12] registered
[    0.258855] acpiphp: Slot [13] registered
[    0.259991] acpiphp: Slot [14] registered
[    0.261289] acpiphp: Slot [15] registered
[    0.262824] acpiphp: Slot [16] registered
[    0.264433] acpiphp: Slot [17] registered
[    0.265809] acpiphp: Slot [18] registered
[    0.267471] acpiphp: Slot [19] registered
[    0.268478] acpiphp: Slot [20] registered
[    0.269632] acpiphp: Slot [21] registered
[    0.270727] acpiphp: Slot [22] registered
[    0.271925] acpiphp: Slot [23] registered
[    0.273441] acpiphp: Slot [24] registered
[    0.275273] acpiphp: Slot [25] registered
[    0.276951] acpiphp: Slot [26] registered
[    0.278865] acpiphp: Slot [27] registered
[    0.280576] acpiphp: Slot [28] registered
[    0.282732] acpiphp: Slot [29] registered
[    0.285149] acpiphp: Slot [30] registered
[    0.287299] acpiphp: Slot [31] registered
[    0.288487] PCI host bridge to bus 0000:00
[    0.288498] pci_bus 0000:00: root bus resource [io  0x0000-0x0cf7 window]
[    0.288504] pci_bus 0000:00: root bus resource [io  0x0d00-0xffff window]
[    0.288510] pci_bus 0000:00: root bus resource [mem 0x000a0000-0x000bffff window]
[    0.288516] pci_bus 0000:00: root bus resource [mem 0xf0000000-0xfbffffff window]
[    0.288523] pci_bus 0000:00: root bus resource [bus 00-ff]
[    0.289691] pci 0000:00:00.0: [8086:1237] type 00 class 0x060000
[    0.298285] pci 0000:00:01.0: [8086:7000] type 00 class 0x060100
[    0.310120] pci 0000:00:01.1: [8086:7010] type 00 class 0x010180
[    0.315451] pci 0000:00:01.1: reg 0x20: [io  0xc220-0xc22f]
[    0.317687] pci 0000:00:01.1: legacy IDE quirk: reg 0x10: [io  0x01f0-0x01f7]
[    0.317698] pci 0000:00:01.1: legacy IDE quirk: reg 0x14: [io  0x03f6]
[    0.317703] pci 0000:00:01.1: legacy IDE quirk: reg 0x18: [io  0x0170-0x0177]
[    0.317709] pci 0000:00:01.1: legacy IDE quirk: reg 0x1c: [io  0x0376]
[    0.321532] pci 0000:00:01.2: [8086:7020] type 00 class 0x0c0300
[    0.332042] pci 0000:00:01.2: reg 0x20: [io  0xc200-0xc21f]
[    0.339049] pci 0000:00:01.3: [8086:7113] type 00 class 0x068000
[    0.339230] * Found PM-Timer Bug on the chipset. Due to workarounds for a bug,
               * this clock source is slow. Consider trying other clock sources
[    0.344556] pci 0000:00:01.3: quirk: [io  0xb000-0xb03f] claimed by PIIX4 ACPI
[    0.348475] pci 0000:00:02.0: [1234:1111] type 00 class 0x030000
[    0.352642] pci 0000:00:02.0: reg 0x10: [mem 0xf1000000-0xf17fffff pref]
[    0.363102] pci 0000:00:02.0: BAR 0: assigned to efifb
[    0.366709] pci 0000:00:03.0: [5853:0001] type 00 class 0x010000
[    0.369192] pci 0000:00:03.0: reg 0x10: [io  0xc000-0xc0ff]
[    0.370336] pci 0000:00:03.0: reg 0x14: [mem 0xf0000000-0xf0ffffff pref]
[    0.385785] pci 0000:00:05.0: [5853:c000] type 00 class 0x088000
[    0.391325] pci 0000:00:05.0: reg 0x14: [mem 0xf1800000-0xf1bfffff pref]
[    0.404658] ACPI: PCI Interrupt Link [LNKA] (IRQs *5 10 11)
[    0.405357] ACPI: PCI Interrupt Link [LNKB] (IRQs 5 *10 11)
[    0.406091] ACPI: PCI Interrupt Link [LNKC] (IRQs 5 10 *11)
[    0.406733] ACPI: PCI Interrupt Link [LNKD] (IRQs *5 10 11)
[    0.433337] xen:balloon: Initialising balloon driver
[    0.433403] random: fast init done
[    0.444216] SCSI subsystem initialized
[    0.444306] libata version 3.00 loaded.
[    0.444306] pci 0000:00:02.0: vgaarb: setting as boot VGA device
[    0.444306] pci 0000:00:02.0: vgaarb: VGA device added: decodes=io+mem,owns=io+mem,locks=none
[    0.444306] pci 0000:00:02.0: vgaarb: bridge control possible
[    0.444306] vgaarb: loaded
[    0.444324] ACPI: bus type USB registered
[    0.444373] usbcore: registered new interface driver usbfs
[    0.444392] usbcore: registered new interface driver hub
[    0.444448] usbcore: registered new device driver usb
[    0.444612] EDAC MC: Ver: 3.0.0
[    0.449373] PCI: Using ACPI for IRQ routing
[    0.449373] PCI: pci_cache_line_size set to 64 bytes
[    0.453338] e820: reserve RAM buffer [mem 0x0009e000-0x0009ffff]
[    0.453344] e820: reserve RAM buffer [mem 0x7f800000-0x7fffffff]
[    0.453502] NetLabel: Initializing
[    0.453507] NetLabel:  domain hash size = 128
[    0.453509] NetLabel:  protocols = UNLABELED CIPSOv4 CALIPSO
[    0.453528] NetLabel:  unlabeled traffic allowed by default
[    0.453559] HPET: 3 timers in total, 0 timers will be used for per-cpu timer
[    0.453559] hpet0: at MMIO 0xfed00000, IRQs 2, 8, 0
[    0.453559] hpet0: 3 comparators, 64-bit 62.500000 MHz counter
[    0.456047] clocksource: Switched to clocksource xen
[    0.472846] VFS: Disk quotas dquot_6.6.0
[    0.472874] VFS: Dquot-cache hash table entries: 512 (order 0, 4096 bytes)
[    0.473026] AppArmor: AppArmor Filesystem Enabled
[    0.473060] pnp: PnP ACPI init
[    0.473147] system 00:00: [mem 0x00000000-0x0009ffff] could not be reserved
[    0.473156] system 00:00: Plug and Play ACPI device, IDs PNP0c02 (active)
[    0.473273] system 00:01: [io  0x08a0-0x08a3] has been reserved
[    0.473277] system 00:01: [io  0x0cc0-0x0ccf] has been reserved
[    0.473280] system 00:01: [io  0x04d0-0x04d1] has been reserved
[    0.473286] system 00:01: Plug and Play ACPI device, IDs PNP0c02 (active)
[    0.473328] xen: --> pirq=17 -> irq=8 (gsi=8)
[    0.473345] pnp 00:02: Plug and Play ACPI device, IDs PNP0b00 (active)
[    0.473378] xen: --> pirq=18 -> irq=12 (gsi=12)
[    0.473392] pnp 00:03: Plug and Play ACPI device, IDs PNP0f13 (active)
[    0.473422] xen: --> pirq=19 -> irq=1 (gsi=1)
[    0.473440] pnp 00:04: Plug and Play ACPI device, IDs PNP0303 PNP030b (active)
[    0.473512] xen: --> pirq=20 -> irq=6 (gsi=6)
[    0.473518] pnp 00:05: [dma 2]
[    0.473551] pnp 00:05: Plug and Play ACPI device, IDs PNP0700 (active)
[    0.473601] xen: --> pirq=21 -> irq=4 (gsi=4)
[    0.473617] pnp 00:06: Plug and Play ACPI device, IDs PNP0501 (active)
[    0.473695] xen: --> pirq=22 -> irq=7 (gsi=7)
[    0.473731] pnp 00:07: Plug and Play ACPI device, IDs PNP0400 (active)
[    0.473805] system 00:08: [io  0x10c0-0x1141] has been reserved
[    0.473809] system 00:08: [io  0xb044-0xb047] has been reserved
[    0.473815] system 00:08: Plug and Play ACPI device, IDs PNP0c02 (active)
[    0.505133] pnp: PnP ACPI: found 9 devices
[    0.516850] clocksource: acpi_pm: mask: 0xffffff max_cycles: 0xffffff, max_idle_ns: 2085701024 ns
[    0.516869] pci_bus 0000:00: resource 4 [io  0x0000-0x0cf7 window]
[    0.516871] pci_bus 0000:00: resource 5 [io  0x0d00-0xffff window]
[    0.516872] pci_bus 0000:00: resource 6 [mem 0x000a0000-0x000bffff window]
[    0.516874] pci_bus 0000:00: resource 7 [mem 0xf0000000-0xfbffffff window]
[    0.517170] NET: Registered protocol family 2
[    0.517494] TCP established hash table entries: 16384 (order: 5, 131072 bytes)
[    0.517527] TCP bind hash table entries: 16384 (order: 6, 262144 bytes)
[    0.517577] TCP: Hash tables configured (established 16384 bind 16384)
[    0.517688] UDP hash table entries: 1024 (order: 3, 32768 bytes)
[    0.517698] UDP-Lite hash table entries: 1024 (order: 3, 32768 bytes)
[    0.517774] NET: Registered protocol family 1
[    0.517785] pci 0000:00:00.0: Limiting direct PCI/PCI transfers
[    0.518026] pci 0000:00:01.0: PIIX3: Enabling Passive Release
[    0.518289] pci 0000:00:01.0: Activating ISA DMA hang workarounds
[    0.519157] xen: --> pirq=23 -> irq=23 (gsi=23)
[    0.521498] pci 0000:00:02.0: Video device with shadowed ROM at [mem 0x000c0000-0x000dffff]
[    0.521765] PCI: CLS 0 bytes, default 64
[    0.521821] Unpacking initramfs...
[    1.629506] Freeing initrd memory: 59976K
[    1.629666] Scanning for low memory corruption every 60 seconds
[    1.630743] Initialise system trusted keyrings
[    1.630762] Key type blacklist registered
[    1.630840] workingset: timestamp_bits=36 max_order=19 bucket_order=0
[    1.632349] zbud: loaded
[    1.632976] squashfs: version 4.0 (2009/01/31) Phillip Lougher
[    1.633233] fuse init (API version 7.26)
[    1.638584] Key type asymmetric registered
[    1.638591] Asymmetric key parser 'x509' registered
[    1.638657] Block layer SCSI generic (bsg) driver version 0.4 loaded (major 246)
[    1.638773] io scheduler noop registered
[    1.638776] io scheduler deadline registered
[    1.638812] io scheduler cfq registered (default)
[    1.639040] efifb: probing for efifb
[    1.639054] efifb: framebuffer at 0xf1000000, using 1408k, total 1408k
[    1.639057] efifb: mode is 800x600x24, linelength=2400, pages=1
[    1.639059] efifb: scrolling: redraw
[    1.639062] efifb: Truecolor: size=0:8:8:8, shift=0:16:8:0
[    1.641099] Console: switching to colour frame buffer device 100x37
[    1.643278] fb0: EFI VGA frame buffer device
[    1.643344] intel_idle: Please enable MWAIT in BIOS SETUP
[    1.643617] input: Power Button as /devices/LNXSYSTM:00/LNXPWRBN:00/input/input0
[    1.643791] ACPI: Power Button [PWRF]
[    1.643875] input: Sleep Button as /devices/LNXSYSTM:00/LNXSLPBN:00/input/input1
[    1.643924] ACPI: Sleep Button [SLPF]
[    1.645259] xen: --> pirq=24 -> irq=30 (gsi=30)
[    1.645641] xen:grant_table: Grant tables using version 1 layout
[    1.645732] Grant table initialized
[    1.646738] Serial: 8250/16550 driver, 32 ports, IRQ sharing enabled
[    1.702730] 00:06: ttyS0 at I/O 0x3f8 (irq = 4, base_baud = 115200) is a 16550A
[    1.709414] Linux agpgart interface v0.103
[    1.714879] loop: module loaded
[    1.714946] Invalid max_queues (4), will use default max: 2.
[    1.720053] vbd vbd-5696: 19 xenbus_dev_probe on device/vbd/5696
[    1.725304] ata_piix 0000:00:01.1: version 2.13
[    1.727677] scsi host0: ata_piix
[    1.728844] scsi host1: ata_piix
[    1.729898] ata1: PATA max MWDMA2 cmd 0x1f0 ctl 0x3f6 bmdma 0xc220 irq 14
[    1.731128] ata2: PATA max MWDMA2 cmd 0x170 ctl 0x376 bmdma 0xc228 irq 15
[    1.732798] libphy: Fixed MDIO Bus: probed
[    1.734319] tun: Universal TUN/TAP device driver, 1.6
[    1.735943] PPP generic driver version 2.4.2
[    1.737677] xen_netfront: Initialising Xen virtual ethernet driver
[    1.746409] ehci_hcd: USB 2.0 'Enhanced' Host Controller (EHCI) Driver
[    1.747464] ehci-pci: EHCI PCI platform driver
[    1.748654] ehci-platform: EHCI generic platform driver
[    1.749726] ohci_hcd: USB 1.1 'Open' Host Controller (OHCI) Driver
[    1.751190] ohci-pci: OHCI PCI platform driver
[    1.752210] ohci-platform: OHCI generic platform driver
[    1.753184] uhci_hcd: USB Universal Host Controller Interface driver
[    1.753367] blkfront: xvda: barrier: enabled; persistent grants: disabled; indirect descriptors: disabled;
[    1.758981] uhci_hcd 0000:00:01.2: UHCI Host Controller
[    1.760051] uhci_hcd 0000:00:01.2: new USB bus registered, assigned bus number 1
[    1.761106]  xvda: xvda1 xvda2 < xvda5 >
[    1.761299] uhci_hcd 0000:00:01.2: detected 2 ports
[    1.762009] uhci_hcd 0000:00:01.2: irq 23, io base 0x0000c200
[    1.762467] usb usb1: New USB device found, idVendor=1d6b, idProduct=0001
[    1.762472] usb usb1: New USB device strings: Mfr=3, Product=2, SerialNumber=1
[    1.762476] usb usb1: Product: UHCI Host Controller
[    1.762479] usb usb1: Manufacturer: Linux 4.15.0-50-generic uhci_hcd
[    1.762482] usb usb1: SerialNumber: 0000:00:01.2
[    1.768336] hub 1-0:1.0: USB hub found
[    1.768356] hub 1-0:1.0: 2 ports detected
[    1.769360] i8042: PNP: PS/2 Controller [PNP0303:PS2K,PNP0f13:PS2M] at 0x60,0x64 irq 1,12
[    1.777227] serio: i8042 KBD port at 0x60,0x64 irq 1
[    1.780169] serio: i8042 AUX port at 0x60,0x64 irq 12
[    1.783161] mousedev: PS/2 mouse device common for all mice
[    1.786899] rtc_cmos 00:02: rtc core: registered rtc_cmos as rtc0
[    1.788054] rtc_cmos 00:02: alarms up to one day, 114 bytes nvram, hpet irqs
[    1.789080] i2c /dev entries driver
[    1.789166] input: AT Translated Set 2 keyboard as /devices/platform/i8042/serio0/input/input2
[    1.791246] pcie_mp2_amd: AMD(R) PCI-E MP2 Communication Driver Version: 1.0
[    1.792612] device-mapper: uevent: version 1.0.3
[    1.793822] device-mapper: ioctl: 4.37.0-ioctl (2017-09-20) initialised: dm-devel@redhat.com
[    1.795043] ledtrig-cpu: registered to indicate activity on CPUs
[    1.797708] NET: Registered protocol family 10
[    1.806105] Segment Routing with IPv6
[    1.808211] NET: Registered protocol family 17
[    1.809950] Key type dns_resolver registered
[    1.811750] unchecked MSR access error: RDMSR from 0xc90 at rIP: 0xffffffffa1a6d05a (native_read_msr+0xa/0x30)
[    1.815253] Call Trace:
[    1.816574]  intel_rdt_late_init+0x6b/0x43e
[    1.817678]  ? parameq+0x17/0x70
[    1.818755]  ? rdt_cpu_has+0x4c/0x4c
[    1.819804]  ? set_debug_rodata+0x17/0x17
[    1.820818]  do_one_initcall+0x52/0x19f
[    1.821780]  kernel_init_freeable+0x1af/0x251
[    1.822724]  ? rest_init+0xb0/0xb0
[    1.824146]  kernel_init+0xe/0x110
[    1.825646]  ret_from_fork+0x35/0x40
[    1.827235] RAS: Correctable Errors collector initialized.
[    1.828875] sched_clock: Marking stable (1828820238, 0)->(917015923054836, -917014094234598)
[    1.831015] registered taskstats version 1
[    1.832610] Loading compiled-in X.509 certificates
[    1.839313] Loaded X.509 cert 'Build time autogenerated kernel key: 0d5cb4b7de8533fd8e7240d711ae9d354ea3dca1'
[    1.844807] zswap: loaded using pool lzo/zbud
[    1.855835] Key type big_key registered
[    1.858650] Key type trusted registered
[    1.863683] Key type encrypted registered
[    1.865044] AppArmor: AppArmor sha1 policy hashing enabled
[    1.866169] ima: No TPM chip found, activating TPM-bypass! (rc=-19)
[    1.867164] ima: Allocated hash algorithm: sha1
[    1.868515] evm: HMAC attrs: 0x1
[    1.870948] xenbus_probe_frontend: Device with no driver: device/vbd/5696
[    1.872594]   Magic number: 7:621:363
[    1.874284] rtc_cmos 00:02: setting system clock to 2019-10-18 04:23:35 UTC (1571372615)
[    1.875822] BIOS EDD facility v0.16 2004-Jun-25, 0 devices found
[    1.877307] EDD information not available.
[    1.903873] ata2.01: ATAPI: QEMU DVD-ROM, 0.10.2, max UDMA/100
[    1.910075] ata2.01: configured for MWDMA2
[    1.917504] scsi 1:0:1:0: CD-ROM            QEMU     QEMU DVD-ROM     0.10 PQ: 0 ANSI: 5
[    1.952305] sr 1:0:1:0: [sr0] scsi3-mmc drive: 4x/4x xa/form2 tray
[    1.953847] cdrom: Uniform CD-ROM driver Revision: 3.20
[    1.955487] sr 1:0:1:0: Attached scsi CD-ROM sr0
[    1.955555] sr 1:0:1:0: Attached scsi generic sg0 type 5
[    1.960245] Freeing unused kernel image memory: 2412K
[    1.972092] Write protecting the kernel read-only data: 20480k
[    1.974108] Freeing unused kernel image memory: 2008K
[    1.975901] Freeing unused kernel image memory: 1868K
[    1.985382] x86/mm: Checked W+X mappings: passed, no W+X pages found.
[    1.986431] x86/mm: Checking user space page tables
[    1.995466] x86/mm: Checked W+X mappings: passed, no W+X pages found.
[    2.014720] random: systemd-udevd: uninitialized urandom read (16 bytes read)
[    2.016102] random: systemd-udevd: uninitialized urandom read (16 bytes read)
[    2.018207] random: systemd-udevd: uninitialized urandom read (16 bytes read)
[    2.108056] usb 1-2: new full-speed USB device number 2 using uhci_hcd
[    2.199645] FDC 0 is a S82078B
[    2.232113] piix4_smbus 0000:00:01.3: SMBus base address uninitialized - upgrade BIOS or use force_addr=0xaddr
[    2.292360] AVX2 version of gcm_enc/dec engaged.
[    2.293499] AES CTR mode by8 optimization enabled
[    2.376106] usb 1-2: New USB device found, idVendor=0627, idProduct=0001
[    2.377786] usb 1-2: New USB device strings: Mfr=3, Product=2, SerialNumber=1
[    2.379372] usb 1-2: Product: QEMU USB Tablet
[    2.381018] usb 1-2: Manufacturer: QEMU 0.10.2
[    2.382774] usb 1-2: SerialNumber: 1
[    2.437609] hidraw: raw HID events driver (C) Jiri Kosina
[    2.487212] usbcore: registered new interface driver usbhid
[    2.490115] usbhid: USB HID core driver
[    2.498826] input: QEMU 0.10.2 QEMU USB Tablet as /devices/pci0000:00/0000:00:01.2/usb1/1-2/1-2:1.0/0003:0627:0001.0001/input/input5
[    2.505302] hid-generic 0003:0627:0001.0001: input,hidraw0: USB HID v0.01 Pointer [QEMU 0.10.2 QEMU USB Tablet] on usb-0000:00:01.2-2/input0
[    2.652109] tsc: Refined TSC clocksource calibration: 2294.686 MHz
[    2.653190] clocksource: tsc: mask: 0xffffffffffffffff max_cycles: 0x211399552f8, max_idle_ns: 440795292447 ns
[    3.354470] input: ImExPS/2 Generic Explorer Mouse as /devices/platform/i8042/serio1/input/input4
[    3.760031] raid6: sse2x1   gen()  6161 MB/s
[    3.808041] raid6: sse2x1   xor()  4690 MB/s
[    3.856025] raid6: sse2x2   gen()  8354 MB/s
[    3.904028] raid6: sse2x2   xor()  4978 MB/s
[    3.952045] raid6: sse2x4   gen()  9247 MB/s
[    4.000054] raid6: sse2x4   xor()  6042 MB/s
[    4.048042] raid6: avx2x1   gen() 10840 MB/s
[    4.096049] raid6: avx2x1   xor()  8557 MB/s
[    4.144050] raid6: avx2x2   gen() 14331 MB/s
[    4.192040] raid6: avx2x2   xor()  8487 MB/s
[    4.240030] raid6: avx2x4   gen() 17165 MB/s
[    4.288037] raid6: avx2x4   xor() 11323 MB/s
[    4.289027] raid6: using algorithm avx2x4 gen() 17165 MB/s
[    4.290005] raid6: .... xor() 11323 MB/s, rmw enabled
[    4.291111] raid6: using avx2x2 recovery algorithm
[    4.294916] xor: automatically using best checksumming function   avx       
[    4.298018] async_tx: api initialized (async)
[    4.552491] Btrfs loaded, crc32c=crc32c-intel
[    4.815994] EXT4-fs (dm-0): mounted filesystem with ordered data mode. Opts: (null)
[    6.843542] ip_tables: (C) 2000-2006 Netfilter Core Team
[    6.956856] systemd[1]: systemd 237 running in system mode. (+PAM +AUDIT +SELINUX +IMA +APPARMOR +SMACK +SYSVINIT +UTMP +LIBCRYPTSETUP +GCRYPT +GNUTLS +ACL +XZ +LZ4 +SECCOMP +BLKID +ELFUTILS +KMOD -IDN2 +IDN -PCRE2 default-hierarchy=hybrid)
[    6.960155] systemd[1]: Detected virtualization xen.
[    6.961261] systemd[1]: Detected architecture x86-64.
[    6.999881] systemd[1]: Set hostname to <ubuntu1804S>.
[    8.498991] systemd[1]: Created slice System Slice.
[    8.502044] systemd[1]: Created slice system-serial\x2dgetty.slice.
[    8.504909] systemd[1]: Created slice system-systemd\x2dfsck.slice.
[    8.507459] systemd[1]: Listening on LVM2 poll daemon socket.
[    8.510065] systemd[1]: Listening on udev Kernel Socket.
[    8.513367] systemd[1]: Created slice User and Session Slice.
[    8.613708] EXT4-fs (dm-0): re-mounted. Opts: errors=remount-ro
[    8.750029] lp: driver loaded but no devices found
[    8.796537] ppdev: user-space parallel port driver
[    8.827689] parport_pc 00:07: reported by Plug and Play ACPI
[    8.831102] parport0: PC-style at 0x378, irq 7 [PCSPP,TRISTATE]
[    8.952613] lp0: using parport0 (interrupt-driven).
[    8.986775] systemd-journald[434]: Received request to flush runtime journal from PID 1
[    9.054320] Loading iSCSI transport class v2.0-870.
[    9.119995] iscsi: registered transport (tcp)
[    9.313554] iscsi: registered transport (iser)
[   10.441642] RAPL PMU: API unit is 2^-32 Joules, 3 fixed counters, 655360 ms ovfl timer
[   10.441644] RAPL PMU: hw unit of domain pp0-core 2^-14 Joules
[   10.441645] RAPL PMU: hw unit of domain package 2^-14 Joules
[   10.441646] RAPL PMU: hw unit of domain dram 2^-16 Joules
[   10.477951] EDAC sbridge: Seeking for: PCI ID 8086:2fa0
[   10.477955] EDAC sbridge:  Ver: 1.1.2 
[   10.514736] intel_rapl: Found RAPL domain package
[   10.514762] intel_rapl: Found RAPL domain dram
[   10.514764] intel_rapl: DRAM domain energy unit 15300pj
[   10.515773] intel_rapl: Found RAPL domain package
[   10.515786] intel_rapl: Found RAPL domain dram
[   10.515788] intel_rapl: DRAM domain energy unit 15300pj
[   10.605710] random: crng init done
[   10.605713] random: 7 urandom warning(s) missed due to ratelimiting
[   11.356347] Adding 2224124k swap on /dev/mapper/ubuntu1604S--vg-swap_1.  Priority:-2 extents:1 across:2224124k SSFS
[   13.692524] EXT4-fs (xvda1): mounting ext2 file system using the ext4 subsystem
[   13.699340] EXT4-fs (xvda1): mounted filesystem without journal. Opts: (null)
[   14.532975] audit: type=1400 audit(1571372628.156:2): apparmor="STATUS" operation="profile_load" profile="unconfined" name="lxc-container-default" pid=841 comm="apparmor_parser"
[   14.532986] audit: type=1400 audit(1571372628.156:3): apparmor="STATUS" operation="profile_load" profile="unconfined" name="lxc-container-default-cgns" pid=841 comm="apparmor_parser"
[   14.532994] audit: type=1400 audit(1571372628.156:4): apparmor="STATUS" operation="profile_load" profile="unconfined" name="lxc-container-default-with-mounting" pid=841 comm="apparmor_parser"
[   14.533000] audit: type=1400 audit(1571372628.156:5): apparmor="STATUS" operation="profile_load" profile="unconfined" name="lxc-container-default-with-nesting" pid=841 comm="apparmor_parser"
[   14.582709] audit: type=1400 audit(1571372628.204:6): apparmor="STATUS" operation="profile_load" profile="unconfined" name="/sbin/dhclient" pid=868 comm="apparmor_parser"
[   14.582713] audit: type=1400 audit(1571372628.204:7): apparmor="STATUS" operation="profile_load" profile="unconfined" name="/usr/lib/NetworkManager/nm-dhcp-client.action" pid=868 comm="apparmor_parser"
[   14.582715] audit: type=1400 audit(1571372628.204:8): apparmor="STATUS" operation="profile_load" profile="unconfined" name="/usr/lib/NetworkManager/nm-dhcp-helper" pid=868 comm="apparmor_parser"
[   14.582717] audit: type=1400 audit(1571372628.204:9): apparmor="STATUS" operation="profile_load" profile="unconfined" name="/usr/lib/connman/scripts/dhclient-script" pid=868 comm="apparmor_parser"
[   14.591191] audit: type=1400 audit(1571372628.212:10): apparmor="STATUS" operation="profile_load" profile="unconfined" name="/usr/lib/lightdm/lightdm-guest-session" pid=840 comm="apparmor_parser"
[   14.591195] audit: type=1400 audit(1571372628.212:11): apparmor="STATUS" operation="profile_load" profile="unconfined" name="/usr/lib/lightdm/lightdm-guest-session//chromium" pid=840 comm="apparmor_parser"
[   17.206820] new mount options do not match the existing superblock, will be ignored

